PASS MONEY-CAD-minor
PASS MONEY-CAD-roundtrip
PASS MONEY-CAD-precision
PASS MONEY-USD-minor
PASS MONEY-USD-roundtrip
PASS MONEY-USD-precision
PASS MONEY-JPY-minor
PASS MONEY-JPY-roundtrip
PASS MONEY-JPY-precision
PASS MONEY-KWD-minor
PASS MONEY-KWD-roundtrip
PASS MONEY-KWD-precision
PASS MONEY-invalid-0
PASS MONEY-invalid-1
PASS MONEY-invalid-2
PASS MONEY-invalid-3
PASS MONEY-invalid-4
PASS MONEY-invalid-5
PASS MONEY-invalid-6
PASS MONEY-invalid-7
PASS MONEY-invalid-8
PASS MONEY-invalid-9
PASS MONEY-invalid-10
PASS MONEY-invalid-11
PASS MONEY-invalid-12
PASS MONEY-invalid-13
PASS MONEY-invalid-14
PASS MONEY-invalid-15
PASS MONEY-invalid-16
PASS MONEY-null
PASS MONEY-currency-cad
PASS MONEY-currency-EUR
PASS MONEY-currency-
PASS MONEY-currency- CAD
PASS MONEY-zero
PASS MONEY-api-limit
PASS MONEY-long-overflow
PASS MONEY-lossy-decimal
PASS MONEY-add-overflow
PASS MONEY-mixed-currency
PASS MONEY-negative-result
PASS WALLET-hold-consume
PASS WALLET-hold-release
PASS WALLET-held-unspendable
PASS WALLET-double-consume
PASS WALLET-overflow
PASS WALLET-invalid-[-1, 0]
PASS WALLET-invalid-[0, -1]
PASS WALLET-invalid-[1, 2]
PASS WALLET-model-seed-74021
PASS JOURNAL-transfer
PASS JOURNAL-unbalanced
PASS JOURNAL-incomplete
PASS JOURNAL-wide-sums
PASS JOURNAL-wide-imbalance
PASS JOURNAL-currency
PASS STATE-PENDING-settle
PASS STATE-PENDING-cancel
PASS STATE-PENDING-fail
PASS STATE-SETTLED-settle
PASS STATE-SETTLED-cancel
PASS STATE-SETTLED-fail
PASS STATE-FAILED-settle
PASS STATE-FAILED-cancel
PASS STATE-FAILED-fail
PASS STATE-CANCELLED-settle
PASS STATE-CANCELLED-cancel
PASS STATE-CANCELLED-fail
PASS REFUND-partial-full
PASS REFUND-after-reversal
PASS REVERSAL-after-refund
PASS REVERSAL-once
PASS IDEMPOTENCY-map-order
PASS IDEMPOTENCY-intent-change
PASS IDEMPOTENCY-field-framing
PASS IDEMPOTENCY-actor-isolation
PASS IDEMPOTENCY-parent-isolation
PASS IDEMPOTENCY-key-bounds
PASS SCHEDULE-gap
PASS SCHEDULE-overlap
PASS SCHEDULE-daily-spring
PASS SCHEDULE-daily-fall
PASS SCHEDULE-weekly
PASS SCHEDULE-once
PASS SCHEDULE-catch-up-boundaries
PASS SCHEDULE-version-identity
PASS PROJECTION-stale
PASS PROJECTION-gap-snapshot
PASS PROJECTION-other-aggregate
PASS WEBHOOK-independent-vector
PASS WEBHOOK-exact-bytes
PASS WEBHOOK-replay-window
PASS WEBHOOK-invalid-header
PASS WEBHOOK-attempt-budget
PASS WEBHOOK-age-budget
PASS WEBHOOK-backoff-bounds
PASS WEBHOOK-retry-after-cap
PASS WEBHOOK-status-200
PASS WEBHOOK-status-204
PASS WEBHOOK-status-299
PASS WEBHOOK-status-408
PASS WEBHOOK-status-429
PASS WEBHOOK-status-500
PASS WEBHOOK-status-503
PASS WEBHOOK-status-599
PASS WEBHOOK-status-0
PASS WEBHOOK-status-301
PASS WEBHOOK-status-302
PASS WEBHOOK-status-400
PASS WEBHOOK-status-401
PASS WEBHOOK-status-403
PASS WEBHOOK-status-404
PASS SECRETBOX-roundtrip-binding
PASS SECRETBOX-tampering
PASS EGRESS-exact-internal
PASS EGRESS-metadata-denied
PASS EGRESS-cgnat-denied
PASS SQLRETRY-classification
PASS SQLRETRY-bounded
PASS SQLRETRY-unknown-commit
SUMMARY tests=120 passed=120 failed=0 errors=0 skipped=0 runtime=standalone-java
PASS TSMONEY-CAD-29
PASS TSMONEY-USD-199
PASS TSMONEY-JPY-8
PASS TSMONEY-KWD-1
PASS TSMONEY-CAD-1000000000000
PASS TSMONEY-reject-0
PASS TSMONEY-reject--1
PASS TSMONEY-reject-+1
PASS TSMONEY-reject- 1
PASS TSMONEY-reject-1 
PASS TSMONEY-reject-01
PASS TSMONEY-reject-1e2
PASS TSMONEY-reject-.2
PASS TSMONEY-reject-1.
PASS TSMONEY-reject-NaN
PASS TSMONEY-reject-Infinity
PASS TSMONEY-reject-1.999
PASS TSMONEY-reject-10000000000.01
PASS TSMONEY-JPY-precision
PASS TSMONEY-KWD-precision
PASS TSMONEY-max-balance
PASS TSMONEY-bigint-json
PASS TSMONEY-grouping
PASS TSMONEY-availability
PASS TSMONEY-overreserved
PASS TSMONEY-number-rejected
PASS TSMONEY-unsupported
PASS TSMONEY-prototype
PASS TSMONEY-roundtrip-model
PASS TSINTENT-persist-before-send
PASS TSINTENT-uncertain-reload-same-key
PASS TSINTENT-owner-isolation
PASS TSINTENT-no-forget-uncertain
PASS TSINTENT-confirmed-new-instruction
PASS TSAPI-money-string-cookie-csrf
PASS TSAPI-unknown-outcome-replay
PASS TSAPI-malformed-accepted-response-uncertain
PASS TSAPI-conflict-not-success
PASS TSAPI-expiry-forgets-csrf-not-intent
PASS TSAPI-no-cross-origin
PASS TSAPI-5xx-remains-uncertain
PASS TSMONEY-final-newline-major-rejected
PASS TSMONEY-final-newline-minor-rejected
PASS TSINTENT-final-newline-key-rejected
SUMMARY tests=44 passed=44 failed=0 runtime=node-client-unit
